/root/microscope_ws/rho5_lean_dsh_20260911/D143/src/Rho5/Shared/XSmallKSigns/FlipWIP.lean:39:70: warning: This simp argument is unused:
  mul_one

Hint: Omit it from the simp argument list.
  simp only [h3, signedEntries_apply, mid3_one, mid3_zero, one_mul,̵ ̵m̵u̵l̵_̵o̵n̵e̵]

Note: This linter can be disabled with `set_option linter.unusedSimpArgs false`
/root/microscope_ws/rho5_lean_dsh_20260911/D143/src/Rho5/Shared/XSmallKSigns/FlipWIP.lean:39:79: warning: Used `tac1 <;> tac2` where `(tac1; tac2)` would suffice

Note: This linter can be disabled with `set_option linter.unnecessarySeqFocus false`
/root/microscope_ws/rho5_lean_dsh_20260911/D143/src/Rho5/Shared/XSmallKSigns/FlipWIP.lean:50:70: warning: This simp argument is unused:
  mul_one

Hint: Omit it from the simp argument list.
  simp only [h3, signedEntries_apply, mid3_two, mid3_zero, one_mul,̵ ̵m̵u̵l̵_̵o̵n̵e̵]

Note: This linter can be disabled with `set_option linter.unusedSimpArgs false`
/root/microscope_ws/rho5_lean_dsh_20260911/D143/src/Rho5/Shared/XSmallKSigns/FlipWIP.lean:50:79: warning: Used `tac1 <;> tac2` where `(tac1; tac2)` would suffice

Note: This linter can be disabled with `set_option linter.unnecessarySeqFocus false`
=== metrics ===
lean_args: -j 1 -M 8192 -R /root/microscope_ws/rho5_lean_dsh_20260911/D143/src -o /root/microscope_ws/rho5_lean_dsh_20260911/D143/build/lib/lean/Rho5/Shared/XSmallKSigns/FlipWIP.olean /root/microscope_ws/rho5_lean_dsh_20260911/D143/src/Rho5/Shared/XSmallKSigns/FlipWIP.lean
exit_code: 0
rss_killed_by_wrapper: False  (ceiling 8388608 KiB)
watched_vmhwm_kib: 2982420
wall_seconds: 3.589
child_user_cpu_seconds: 1.996
child_sys_cpu_seconds: 1.585
peak_rss_kib: 2992804
